<area shape="rect" href="$common_8h.html" title="Common headerfile." alt="" coords="223,229,305,256">
<area shape="rect" href="$sbs__commands_8h.html" title="Headerfile for sbs_commands.c." alt="" coords="475,155,597,181">
<area shape="rect" href="$battery__pack__parameters_8h.html" title="Definition file for a smart battery pack." alt="" coords="176,80,355,107">
<area shape="rect" href="$stdint_8h.html" title="stdint.h" alt="" coords="47,304,111,331">
<area shape="rect" href="$error_8h.html" title="error.h" alt="" coords="399,304,457,331">
<area shape="rect" href="$vadc_8h.html" title="Headerfile for vadc_usage.c." alt="" coords="21,155,80,181">
<area shape="rect" href="$battery__protection_8h.html" title="Header file for Battery Protection peripheral module driver." alt="" coords="104,155,240,181">
<area shape="rect" href="$battery__current__monitoring_8h.html" title="Header file for CC&#45;ADC result processing firmware module." alt="" coords="264,155,451,181">
<area shape="rect" href="$crc16_8h.html" title="Header file for CRC16 functions." alt="" coords="47,229,111,256">
