<area shape="rect" href="$stdint_8h.html" title="stdint.h" alt="" coords="7,379,71,405">
<area shape="rect" href="$authentication_8h.html" title="Headerfile for authentication.c." alt="" coords="520,80,632,107">
<area shape="rect" href="$sbs__commands_8h.html" title="Headerfile for sbs_commands.c." alt="" coords="547,229,669,256">
<area shape="rect" href="$battery__pack__parameters_8h.html" title="Definition file for a smart battery pack." alt="" coords="340,155,519,181">
<area shape="rect" href="$common_8h.html" title="Common headerfile." alt="" coords="216,304,299,331">
<area shape="rect" href="$error_8h.html" title="error.h" alt="" coords="276,379,335,405">
<area shape="rect" href="$vadc_8h.html" title="Headerfile for vadc_usage.c." alt="" coords="93,229,152,256">
<area shape="rect" href="$battery__protection_8h.html" title="Header file for Battery Protection peripheral module driver." alt="" coords="176,229,312,256">
<area shape="rect" href="$battery__current__monitoring_8h.html" title="Header file for CC&#45;ADC result processing firmware module." alt="" coords="336,229,523,256">
<area shape="rect" href="$crc16_8h.html" title="Header file for CRC16 functions." alt="" coords="43,304,107,331">
