<area shape="rect" href="$common_8h.html" title="Common headerfile." alt="" coords="279,229,361,256">
<area shape="rect" href="$battery__pack__parameters_8h.html" title="Definition file for a smart battery pack." alt="" coords="271,80,449,107">
<area shape="rect" href="$stdint_8h.html" title="stdint.h" alt="" coords="415,304,479,331">
<area shape="rect" href="$error_8h.html" title="error.h" alt="" coords="249,304,308,331">
<area shape="rect" href="$sbs__commands_8h.html" title="Headerfile for sbs_commands.c." alt="" coords="388,155,511,181">
<area shape="rect" href="$vadc_8h.html" title="Headerfile for vadc_usage.c." alt="" coords="535,155,593,181">
<area shape="rect" href="$battery__protection_8h.html" title="Header file for Battery Protection peripheral module driver." alt="" coords="17,155,153,181">
<area shape="rect" href="$battery__current__monitoring_8h.html" title="Header file for CC&#45;ADC result processing firmware module." alt="" coords="177,155,364,181">
<area shape="rect" href="$crc16_8h.html" title="Header file for CRC16 functions." alt="" coords="508,229,572,256">
