<area shape="rect" href="$common_8h.html" title="Common headerfile." alt="" coords="369,304,452,331">
<area shape="rect" href="$battery__pack__parameters_8h.html" title="Definition file for a smart battery pack." alt="" coords="95,155,273,181">
<area shape="rect" href="$battery__current__monitoring_8h.html" title="Header file for CC&#45;ADC result processing firmware module." alt="" coords="407,229,593,256">
<area shape="rect" href="$cc__gas__gauging_8h.html" title="Gas gauging header file." alt="" coords="348,155,473,181">
<area shape="rect" href="$gas__gauging_8h.html" title="Gas gauging module for calculating time to empty, time to full etc." alt="" coords="423,80,527,107">
<area shape="rect" href="$stdint_8h.html" title="stdint.h" alt="" coords="153,379,217,405">
<area shape="rect" href="$error_8h.html" title="error.h" alt="" coords="505,379,564,405">
<area shape="rect" href="$sbs__commands_8h.html" title="Headerfile for sbs_commands.c." alt="" coords="260,229,383,256">
<area shape="rect" href="$vadc_8h.html" title="Headerfile for vadc_usage.c." alt="" coords="17,229,76,256">
<area shape="rect" href="$battery__protection_8h.html" title="Header file for Battery Protection peripheral module driver." alt="" coords="100,229,236,256">
<area shape="rect" href="$crc16_8h.html" title="Header file for CRC16 functions." alt="" coords="153,304,217,331">
<area shape="rect" href="$voltage__based__SoC_8h.html" title="Contains defines, typedefinitions and functions prototypes for voltage_based_SoC..." alt="" coords="497,155,644,181">
