<area shape="rect" href="$authentication_8h.html" title="Headerfile for authentication.c." alt="" coords="17,155,265,181">
<area shape="rect" href="$authentication_8c.html" title="Functions for taking care of the authentication command." alt="" coords="17,229,265,256">
<area shape="rect" href="$battery__pack__parameters_8h.html" title="Definition file for a smart battery pack." alt="" coords="1149,80,1528,107">
<area shape="rect" href="$SBS__commands_8c.html" title="Data structures and access methods for smart battery data set." alt="" coords="1552,80,1827,107">
<area shape="rect" href="$main_8c.html" title="Application for Smart Battery with ATmega32HVB (two, thre or four cell Li&#45;Ion) SBS..." alt="" coords="967,229,1025,256">
<area shape="rect" href="$ccadc_8h.html" title="CCADC module header file." alt="" coords="1033,155,1199,181">
<area shape="rect" href="$battery__current__monitoring_8c.html" title="CC&#45;ADC result processing firmware module." alt="" coords="2055,229,2449,256">
<area shape="rect" href="$vadc_8h.html" title="Headerfile for vadc_usage.c." alt="" coords="807,155,959,181">
<area shape="rect" href="$battery__voltage__monitoring_8c.html" title="Battery cell voltage monitoring firmware module." alt="" coords="375,229,767,256">
<area shape="rect" href="$aes__lib_8c.html" title="AES library." alt="" coords="1223,155,1455,181">
<area shape="rect" href="$aes__lib_8h.html" title="AES library." alt="" coords="1479,155,1711,181">
<area shape="rect" href="$HMAC-SHA2_8c.html" title="Routines for SHA&#45;256 and HMAC&#45;SHA256." alt="" coords="1735,155,2057,181">
<area shape="rect" href="$battery__current__monitoring_8h.html" title="Header file for CC&#45;ADC result processing firmware module." alt="" coords="2356,155,2751,181">
<area shape="rect" href="$battery__pack__parameters_8c.html" title="Definition file for a smart battery pack." alt="" coords="2473,229,2852,256">
<area shape="rect" href="$gas__gauging_8c.html" title="Gas gauging module for calculating time to empty, time to full etc." alt="" coords="2876,229,3108,256">
<area shape="rect" href="$battery__voltage__monitoring_8h.html" title="Header file for bettery voltage monitoring firmware module." alt="" coords="391,155,783,181">
<area shape="rect" href="$cc__gas__gauging_8c.html" title="Coulomb based gas gauging." alt="" coords="2081,155,2332,181">
<area shape="rect" href="$gas__gauging_8h.html" title="Gas gauging module for calculating time to empty, time to full etc." alt="" coords="2876,155,3108,181">
<area shape="rect" href="$smbus_8c.html" title="The communication file reads a command from the SMB bus and sends r/w, data and length..." alt="" coords="3132,229,3303,256">
<area shape="rect" href="$ccadc_8c.html" title="CCADC module." alt="" coords="1049,229,1215,256">
<area shape="rect" href="$voltage__based__SoC_8c.html" title="Functions for estimating State of Charge based on voltage." alt="" coords="1239,229,1551,256">
<area shape="rect" href="$vadc_8c.html" title="Routines for VADC measurements." alt="" coords="791,229,943,256">
