<area shape="rect" href="$SMBExample_8c.html#5cba462a6c300e74f28f73f6274a66b5" title="Prepares response to all supported protocols except Receive Byte." alt="" coords="156,259,279,285">
<area shape="rect" href="$SMBExample_8c.html#d62558a9ac4e46e16d51ba623ef7525d" title="Prepares the response to a Receive Byte protocol.." alt="" coords="147,309,288,336">
<area shape="rect" href="$SMBSlave_8c.html#831af37b9f44ce40b39f5575fec21f68" title="SMBcrc" alt="" coords="184,360,251,387">
<area shape="rect" href="$SMBExample_8c.html#0948a2f2bb2fcb95e7681f2f624a2269" title="Output data block to LEDS on STK500." alt="" coords="368,5,483,32">
<area shape="rect" href="$SMBExample_8c.html#8f3db79f2ca9e287b3ebdb28da51f442" title="Output 1 byte to LEDS on STK500." alt="" coords="372,56,479,83">
<area shape="rect" href="$SMBExample_8c.html#cf79be93e1ce5f2fad3da448e9d599b2" title="Output 2 bytes to LEDS on STK500." alt="" coords="369,107,481,133">
<area shape="rect" href="$SMBExample_8c.html#aa7366043c4b8c908450df0cba87ae64" title="Returns one byte from EEPROM at the current location of the EEPROM pointer." alt="" coords="364,157,487,184">
<area shape="rect" href="$SMBExample_8c.html#fe7c933c036f418a6f2d42df520f3301" title="Returns two bytes from EEPROM at the current location of the EEPROM pointer." alt="" coords="361,208,489,235">
<area shape="rect" href="$SMBExample_8c.html#6b2b442052e73e99fe19fe1613826e57" title="Treat the incoming parameter as a word and return the parameter * 2." alt="" coords="337,259,513,285">
<area shape="rect" href="$SMBExample_8c.html#46939d717b4181fd5b680afbe4eed4c3" title="Sums each byte received and returns the sum as a word." alt="" coords="359,309,492,336">
<area shape="rect" href="$SMBExample_8c.html#0f977c2317bffa6e0c173b79f408f011" title="Returns switches pressed on STK500 as a number." alt="" coords="345,360,505,387">
<area shape="rect" href="$SMBExample_8c.html#746ef9f2947d7468f86d6cafee508747" title="Returns a vendor string in response to a Block read." alt="" coords="359,411,492,437">
<area shape="rect" href="$SMBExample_8c.html#3dae646080960640600bc6aa47467a9a" title="Sets the EEPROM pointer." alt="" coords="361,461,489,488">
<area shape="rect" href="$SMBExample_8c.html#08ef0d026f763c130beb882aca00df6c" title="Handles undefined commands." alt="" coords="357,512,493,539">
